INFO         | Android emulator version 36.4.9.0 (build_id 14788078) (CL:N/A)
INFO         | Graphics backend: gfxstream
INFO         | Found systemPath C:\Users\kacku\AppData\Local\Android\Sdk\system-images\android-36.1\google_apis_playstore\x86_64\
WARNING      | Please update the emulator to one that supports the feature(s): VulkanVirtualQueue
INFO         | Increasing RAM size to 3072MB
INFO         | IPv4 server found: 192.168.1.1
INFO         | Ignore IPv6 address: 3038:ef08:ed01:0:3038:ef08:ed01:0
INFO         | Ignore IPv6 address: 3038:ef08:ed01:0:3038:ef08:ed01:0
INFO         | Ignore IPv6 address: 3038:ef08:ed01:0:3038:ef08:ed01:0
INFO         | Ignore IPv6 address: 203e:ef08:ed01:0:3038:ef08:ed01:0
INFO         | Ignore IPv6 address: 203e:ef08:ed01:0:3038:ef08:ed01:0
INFO         | Ignore IPv6 address: 203e:ef08:ed01:0:3038:ef08:ed01:0
INFO         | Ignore IPv6 address: 1046:ef08:ed01:0:3038:ef08:ed01:0
INFO         | Ignore IPv6 address: 1046:ef08:ed01:0:3038:ef08:ed01:0
INFO         | Ignore IPv6 address: 1046:ef08:ed01:0:3038:ef08:ed01:0
INFO         | Ignore IPv6 address: 204c:ef08:ed01:0:3038:ef08:ed01:0
INFO         | Ignore IPv6 address: 204c:ef08:ed01:0:3038:ef08:ed01:0
INFO         | Ignore IPv6 address: 204c:ef08:ed01:0:3038:ef08:ed01:0
INFO         | Ignore IPv6 address: 9859:ef08:ed01:0:3038:ef08:ed01:0
INFO         | Ignore IPv6 address: 9859:ef08:ed01:0:3038:ef08:ed01:0
INFO         | Ignore IPv6 address: 9859:ef08:ed01:0:3038:ef08:ed01:0
INFO         | Ignore IPv6 address: b85f:ef08:ed01:0:3038:ef08:ed01:0
INFO         | Ignore IPv6 address: b85f:ef08:ed01:0:3038:ef08:ed01:0
INFO         | Ignore IPv6 address: b85f:ef08:ed01:0:3038:ef08:ed01:0
INFO         | Ignore IPv6 address: a065:ef08:ed01:0:3038:ef08:ed01:0
INFO         | Ignore IPv6 address: a065:ef08:ed01:0:3038:ef08:ed01:0
INFO         | Ignore IPv6 address: a065:ef08:ed01:0:3038:ef08:ed01:0
INFO         | Guest GLES Driver: Auto (ext controls)
INFO         | emuglConfig_init: vulkan_mode_selected:host gles_mode_selected:host
INFO         | emuglConfig_get_vulkan_hardware_gpu_support_info: Found physical GPU 'AMD Radeon RX 6600', type: VK_PHYSICAL_DEVICE_TYPE_DISCRETE_GPU, apiVersion: 1.4.315, driverVersion: 2.0.353

INFO         | Enabled VulkanAllocateDeviceMemoryOnly feature for gpu vendor AMD Radeon RX 6600 on Linux

INFO         | Checking system compatibility:
INFO         |   Checking: hasCompatibleHypervisor
INFO         |      Ok: Hypervisor compatibility to run avd: `Pixel_8_Pro` are met
INFO         |   Checking: hasSufficientSystem
INFO         |      Ok: System requirements to run avd: `Pixel_8_Pro` are met
INFO         |   Checking: hasSufficientHwGpu
INFO         |      Ok: Hardware GPU requirements to run avd: `Pixel_8_Pro` are passed
INFO         |   Checking: hasSufficientDiskSpace
INFO         |      Ok: Disk space requirements to run avd: `Pixel_8_Pro` are met
WARNING      | Failed to process .ini file C:\Users\kacku\.android\avd\..\avd\Pixel_8_Pro.avd\quickbootChoice.ini for reading.
INFO         | Critical: Failed to load opengl32sw (Nie można odnaleźć określonego modułu.) (:0, )
INFO         | Warning: Software OpenGL failed. Falling back to system OpenGL. (:0, )
INFO         | Storing crashdata in: E:\999 System - Tymczowe\\AndroidEmulator\emu-crash-36.4.9.db, detection is enabled for process: 26104
INFO         | Initializing gfxstream backend
INFO         | android_startOpenglesRenderer: gpu info
INFO         | GPU #1
  Make: 1002
  Model: AMD Radeon RX 6600
  Device ID: 73ff

INFO         | SharedLibrary::open for [C:\Users\kacku\AppData\Local\Android\Sdk\emulator\qemu\windows-x86_64\lib64\vulkan\vulkan-1.dll]
INFO         | SharedLibrary::open for [C:\Users\kacku\AppData\Local\Android\Sdk\emulator\lib64\vulkan\vulkan-1.dll]
INFO         | Added library: C:\Users\kacku\AppData\Local\Android\Sdk\emulator\lib64\vulkan\vulkan-1.dll
INFO         | Selecting Vulkan device: AMD Radeon RX 6600, Version: 1.4.315
INFO         | Initializing VkEmulation features:
INFO         |     glInteropSupported: true
INFO         |     useDeferredCommands: true
INFO         |     createResourceWithRequirements: true
INFO         |     useVulkanComposition: false
INFO         |     useVulkanNativeSwapchain: false
INFO         |     enable guestRenderDoc: false
INFO         |     ASTC LDR emulation mode: Gpu
INFO         |     enable ETC2 emulation: true
INFO         |     enable Ycbcr emulation: false
INFO         |     guestVulkanOnly: false
INFO         |     useDedicatedAllocations: false
INFO         | Graphics Adapter Vendor Google (ATI Technologies Inc.)
INFO         | Graphics Adapter Android Emulator OpenGL ES Translator (AMD Radeon RX 6600)
INFO         | Graphics API Version OpenGL ES 3.0 (4.5.0 Core Profile Context 26.7.1.260713)
INFO         | Graphics API Extensions GL_OES_EGL_sync GL_OES_EGL_image GL_OES_EGL_image_external GL_OES_depth24 GL_OES_depth32 GL_OES_element_index_uint GL_OES_texture_float GL_OES_texture_float_linear GL_OES_compressed_paletted_texture GL_OES_compressed_ETC1_RGB8_texture GL_OES_depth_texture GL_OES_texture_half_float GL_OES_texture_half_float_linear GL_OES_packed_depth_stencil GL_OES_vertex_half_float GL_OES_texture_npot GL_OES_rgb8_rgba8 GL_OVR_multiview2 GL_EXT_color_buffer_float GL_EXT_color_buffer_half_float GL_EXT_texture_format_BGRA8888 GL_APPLE_texture_format_BGRA8888 GL_EXT_texture_buffer 
INFO         | Graphics Device Extensions N/A
INFO         | Disabling sparse binding feature support
INFO         | Sending adb public key [QAAAAOUQv5ET0wHnttUDTsiyyXkRFIfog/Up5YJ9jfUo/Z2MJ1He9syddV9dz29iPQ/VvaWT/fMv4DGppXsIMA2X6yjfXpQfBstLWeTJA2L0HAgYlPrVulu0ypeaPKQ6uO6YOHKzhOqkVFkkQF7EtKbx9AjDp044TvBaB0WuB2eRGhpqGEJnFtPsqVZkoTntn9LR3EmSaN3Hk7k6VeXO/jjCpbjj81PATRKBBUAiYjDlha0MtoTnjafmkLMVKfawOCvHYtfiJF2LgmcOc9Xs83RSi/3+1JtMLsht79S4k3av3Zvx0gVSmM5A1TNL6jJdrrcmzDftqaPk6PvL1hkEHpNkFFm3MBbAeTLMk4SN8ME/9iT6S21wwlQFTzd5ZfYjQyJfxz3zH5hqx2OJkEhCIETAx7pOLnmEZXE/89Jxwd33ZJsPeYf7G1MaT9HT8m5gxEmN0oYCexS1F5IiY4FSWtjYq6r3WDetLnGdGUz7/N8HDaM29kL1sbzC7fijQS93c/3x60RdBTDEqG3wuUdCeNMDSwWgwLyb25atx0fjvDhAAuyi/UUM4NISGaS/IvHyUAAw7Joqi1e5LIvRRnYL5JWFGTiCltwHlyt5C0ytW1TIBrCCyMKUbj1Y1HY+3gIDlko/dmnNR3XKfLQP4f+Oq6hKR142uy+BLz3suKeOF+IJSXOLvSrGbQEAAQA= @unknown]
INFO         | Userspace boot properties:
INFO         |   androidboot.boot_devices=pci0000:00/0000:00:03.0 pci0000:00/0000:00:06.0
INFO         |   androidboot.dalvik.vm.heapsize=576m
INFO         |   androidboot.debug.hwui.renderer=skiagl
INFO         |   androidboot.hardware=ranchu
INFO         |   androidboot.hardware.gltransport=pipe
INFO         |   androidboot.hardware.vulkan=ranchu
INFO         |   androidboot.logcat=*:V
INFO         |   androidboot.opengles.version=196609
INFO         |   androidboot.qemu=1
INFO         |   androidboot.qemu.adb.pubkey=QAAAAOUQv5ET0wHnttUDTsiyyXkRFIfog/Up5YJ9jfUo/Z2MJ1He9syddV9dz29iPQ/VvaWT/fMv4DGppXsIMA2X6yjfXpQfBstLWeTJA2L0HAgYlPrVulu0ypeaPKQ6uO6YOHKzhOqkVFkkQF7EtKbx9AjDp044TvBaB0WuB2eRGhpqGEJnFtPsqVZkoTntn9LR3EmSaN3Hk7k6VeXO/jjCpbjj81PATRKBBUAiYjDlha0MtoTnjafmkLMVKfawOCvHYtfiJF2LgmcOc9Xs83RSi/3+1JtMLsht79S4k3av3Zvx0gVSmM5A1TNL6jJdrrcmzDftqaPk6PvL1hkEHpNkFFm3MBbAeTLMk4SN8ME/9iT6S21wwlQFTzd5ZfYjQyJfxz3zH5hqx2OJkEhCIETAx7pOLnmEZXE/89Jxwd33ZJsPeYf7G1MaT9HT8m5gxEmN0oYCexS1F5IiY4FSWtjYq6r3WDetLnGdGUz7/N8HDaM29kL1sbzC7fijQS93c/3x60RdBTDEqG3wuUdCeNMDSwWgwLyb25atx0fjvDhAAuyi/UUM4NISGaS/IvHyUAAw7Joqi1e5LIvRRnYL5JWFGTiCltwHlyt5C0ytW1TIBrCCyMKUbj1Y1HY+3gIDlko/dmnNR3XKfLQP4f+Oq6hKR142uy+BLz3suKeOF+IJSXOLvSrGbQEAAQA= @unknown
INFO         |   androidboot.qemu.avd_name=Pixel_8_Pro
INFO         |   androidboot.qemu.camera_hq_edge_processing=0
INFO         |   androidboot.qemu.camera_protocol_ver=1
INFO         |   androidboot.qemu.cpuvulkan.version=4202496
INFO         |   androidboot.qemu.gltransport.drawFlushInterval=800
INFO         |   androidboot.qemu.gltransport.name=pipe
INFO         |   androidboot.qemu.hwcodec.avcdec=2
INFO         |   androidboot.qemu.hwcodec.hevcdec=2
INFO         |   androidboot.qemu.hwcodec.vpxdec=2
INFO         |   androidboot.qemu.settings.system.screen_off_timeout=2147483647
INFO         |   androidboot.qemu.skin=1344x2992
INFO         |   androidboot.qemu.virtiowifi=1
INFO         |   androidboot.qemu.vsync=60
INFO         |   androidboot.serialno=EMULATOR36X4X9X0
INFO         |   androidboot.vbmeta.digest=8c6ff42bff8696120e63308883e0cfad21d048439d53af334ec09bf5eb680f47
INFO         |   androidboot.vbmeta.hash_alg=sha256
INFO         |   androidboot.vbmeta.size=6720
INFO         |   androidboot.veritymode=enforcing
WHPX on Windows 10.0.26200 detected.
INFO         | Activated packet streamer for uwb emulation
INFO         | Activated packet streamer for bluetooth emulation
Windows Hypervisor Platform accelerator is operational
INFO         | Monitoring duration of emulator setup.
WARNING      | The emulator now requires a signed jwt token for gRPC access! Use the -grpc flag if you really want an open unprotected grpc port
INFO         | Using security allow list from: C:\Users\kacku\AppData\Local\Android\Sdk\emulator\lib\emulator_access.json
WARNING      | *** Basic token auth should only be used by android-studio ***
INFO         | The active JSON Web Key Sets can be found here: C:\Users\kacku\AppData\Local\Temp\avd\running\26104\jwks\f2594ad9-f6cf-42ef-b7ae-cb701168085f\active.jwk
INFO         | Scanning C:\Users\kacku\AppData\Local\Temp\avd\running\26104\jwks\f2594ad9-f6cf-42ef-b7ae-cb701168085f for jwk keys.
INFO         | Started GRPC server at 127.0.0.1:8556, security: Local, auth: +token
INFO         | Advertising in: C:\Users\kacku\AppData\Local\Temp\avd\running\pid_26104.ini
INFO         | Setting display: 0 configuration to: 1344x2992, dpi: 480x480 
INFO         | setDisplayActiveConfig 0
INFO         | Checking system compatibility:
INFO         |   Checking: hasCompatibleHypervisor
INFO         |      Ok: Hypervisor compatibility to run avd: `Pixel_8_Pro` are met
INFO         |   Checking: hasSufficientSystem
INFO         |      Ok: System requirements to run avd: `Pixel_8_Pro` are met
INFO         |   Checking: hasSufficientHwGpu
INFO         |      Ok: Hardware GPU requirements to run avd: `Pixel_8_Pro` are passed
INFO         |   Checking: hasSufficientDiskSpace
INFO         |      Ok: Disk space requirements to run avd: `Pixel_8_Pro` are met
INFO         | Loading snapshot 'default_boot'...
WARNING      | Device 'cache' does not have the requested snapshot 'default_boot'

WARNING      | Failed to load snapshot 'default_boot'
INFO         | Warning: QMetaObject::connectSlotsByName: No matching signal for on_rgbcSensorValueWidget_valueChanged() (:0, )
INFO         | Warning: QMetaObject::connectSlotsByName: No matching signal for on_posture_valueChanged(int) (:0, )
INFO         | Warning: QObject::connect: Cannot queue arguments of type 'std::vector<android::emulation::control::SnapshotInfo>'
(Make sure 'std::vector<android::emulation::control::SnapshotInfo>' is registered using qRegisterMetaType().) (:0, )
INFO         | AVD supportsNativeGLES=1, supportsGuestAngle=1
INFO         | Guest Angle is still unstable for API > 35.
INFO         | Created extended window in 776.909ms
INFO         | Wait for emulator (pid 26104) 20 seconds to shutdown gracefully before kill;you can set environment variable ANDROID_EMULATOR_WAIT_TIME_BEFORE_KILL(in seconds) to change the default value (20 seconds)

INFO         | Saving with gfxstream=1
INFO         | Saving snapshot 'default_boot' using 716 ms
